// Jest Snapshot v1, https://goo.gl/fbAQLP

exports[`renders correctly 1`] = `
<main
  className="container-fluid"
>
  <header
    className="row"
  >
    <div
      className="col"
    >
      <h2>
        Nasa Images
      </h2>
    </div>
  </header>
  <div
    className="row"
  >
    <nav
      className="col-4"
    >
      <ul>
        Loading...
      </ul>
    </nav>
    <article
      className="col"
    />
  </div>
</main>
`;
